 
****************************************
Report : power
        -analysis_effort low
Design : SIPISOALU
Version: F-2011.09-SP3
Date   : Tue May  5 01:10:46 2020
****************************************


Library(s) Used:

    NangateOpenCellLibrary (File: /home/mariagrazia.graziano/do/libnangate/NangateOpenCellLibrary_typical_ecsm.db)


Operating Conditions: typical   Library: NangateOpenCellLibrary
Wire Load Model Mode: top

Design        Wire Load Model            Library
------------------------------------------------
SIPISOALU              5K_hvratio_1_1    NangateOpenCellLibrary


Global Operating Voltage = 1.1  
Power-specific unit information :
    Voltage Units = 1V
    Capacitance Units = 1.000000ff
    Time Units = 1ns
    Dynamic Power Units = 1uW    (derived from V,C,T units)
    Leakage Power Units = 1nW


  Cell Internal Power  = 317.8786 uW   (85%)
  Net Switching Power  =  54.0515 uW   (15%)
                         ---------
Total Dynamic Power    = 371.9301 uW  (100%)

Cell Leakage Power     =   4.1775 uW


                 Internal         Switching           Leakage            Total
Power Group      Power            Power               Power              Power   (   %    )  Attrs
--------------------------------------------------------------------------------------------------
io_pad             0.0000            0.0000            0.0000            0.0000  (   0.00%)
memory             0.0000            0.0000            0.0000            0.0000  (   0.00%)
black_box          0.0000            0.0000            0.0000            0.0000  (   0.00%)
clock_network      0.0000            0.0000            0.0000            0.0000  (   0.00%)
register         286.6765           10.2821        1.3440e+03          298.3026  (  79.31%)
sequential         0.0000            0.0000            0.0000            0.0000  (   0.00%)
combinational     31.2020           43.7695        2.8335e+03           77.8050  (  20.69%)
--------------------------------------------------------------------------------------------------
Total            317.8786 uW        54.0516 uW     4.1775e+03 nW       376.1076 uW
1
